// Jest Snapshot v1, https://goo.gl/fbAQLP

exports[`snapshot 1`] = `
[
  <h1
    className="title"
  >
    Home
  </h1>,
  <div>
    content
  </div>,
]
`;
