// Jest Snapshot v1, https://goo.gl/fbAQLP

exports[`snapshot 1`] = `
<header
  className="header"
>
  <a
    aria-current="page"
    href="/"
    onClick={[Function]}
  >
    Link
  </a>
</header>
`;
